{
  "appId": null,
  "appName": "River Flow Calculation",
  "appType": "computationprocess",
  "comment": "Computation to calculate the flow of a river",
  "lastModified": "2024-12-30T18:51:51.000Z[UTC]"
}
