{
  "appId": "12",
  "appName": "River Flow Calculation",
  "appType": "computationprocess",
  "comment": "Computation to calculate the flow of a river",
  "lastModified": "null"
}