{
  "StatisticsCode": {
    "reflistId": 4,
    "enumName": "StatisticsCode",
    "items": {
      "obs": {
        "value": "obs",
        "description": "Observation",
        "execClassName": null,
        "editClassName": null,
        "sortNumber": 1
      },
      "total": {
        "value": "total",
        "description": "Average",
        "execClassName": null,
        "editClassName": null,
        "sortNumber": 5
      },
      "min": {
        "value": "min",
        "description": "Minimum",
        "execClassName": null,
        "editClassName": null,
        "sortNumber": 2
      },
      "avg": {
        "value": "avg",
        "description": "Average",
        "execClassName": null,
        "editClassName": null,
        "sortNumber": 4
      },
      "max": {
        "value": "max",
        "description": "Maximum",
        "execClassName": null,
        "editClassName": null,
        "sortNumber": 3
      },
      "modeled": {
        "value": "modeled",
        "description": "Modeled",
        "execClassName": null,
        "editClassName": null,
        "sortNumber": 7
      },
      "derived": {
        "value": "derived",
        "description": "Generic Derived",
        "execClassName": null,
        "editClassName": null,
        "sortNumber": 6
      }
    },
    "defaultValue": null,
    "description": null
  },
  "TransportMediumType": {
    "reflistId": 17,
    "enumName": "TransportMediumType",
    "items": {
      "iridium": {
        "value": "iridium",
        "description": "Iridium IMEI",
        "execClassName": null,
        "editClassName": null,
        "sortNumber": 2147483647
      },
      "other": {
        "value": "other",
        "description": "Other",
        "execClassName": null,
        "editClassName": null,
        "sortNumber": 2147483647
      },
      "shef": {
        "value": "shef",
        "description": "Standard Hydromet Exchange Format",
        "execClassName": null,
        "editClassName": null,
        "sortNumber": 2147483647
      },
      "incoming-tcp": {
        "value": "incoming-tcp",
        "description": "Incoming TCP on a Listening Socket",
        "execClassName": null,
        "editClassName": null,
        "sortNumber": 2147483647
      },
      "goes-random": {
        "value": "goes-random",
        "description": "GOES DCP Random Message",
        "execClassName": null,
        "editClassName": null,
        "sortNumber": 2147483647
      },
      "goes": {
        "value": "goes",
        "description": "GOES DCP",
        "execClassName": null,
        "editClassName": null,
        "sortNumber": 2147483647
      },
      "goes-self-timed": {
        "value": "goes-self-timed",
        "description": "GOES DCP Self-Timed Message",
        "execClassName": null,
        "editClassName": null,
        "sortNumber": 2147483647
      },
      "polled-modem": {
        "value": "polled-modem",
        "description": "Polled via modem",
        "execClassName": null,
        "editClassName": null,
        "sortNumber": 2147483647
      },
      "polled-tcp": {
        "value": "polled-tcp",
        "description": "Polled via TCP Socket",
        "execClassName": null,
        "editClassName": null,
        "sortNumber": 2147483647
      },
      "data-logger": {
        "value": "data-logger",
        "description": "Electronic Data Logger File",
        "execClassName": null,
        "editClassName": null,
        "sortNumber": 2147483647
      }
    },
    "defaultValue": null,
    "description": null
  },
  "ScriptType": {
    "reflistId": 3,
    "enumName": "ScriptType",
    "items": {
      "standard": {
        "value": "standard",
        "description": "DECODES Format Statements and Unit Conversions",
        "execClassName": null,
        "editClassName": null,
        "sortNumber": 2147483647
      },
      "nos": {
        "value": "nos",
        "description": "Hard-coded NOS data parser",
        "execClassName": null,
        "editClassName": null,
        "sortNumber": 2147483647
      },
      "ndbc": {
        "value": "ndbc",
        "description": "National Data Buoy Center Context-Sensitive Parser",
        "execClassName": null,
        "editClassName": null,
        "sortNumber": 2147483647
      }
    },
    "defaultValue": null,
    "description": null
  },
  "DataOrder": {
    "reflistId": 9,
    "enumName": "DataOrder",
    "items": {
      "a": {
        "value": "a",
        "description": "Ascending",
        "execClassName": null,
        "editClassName": null,
        "sortNumber": 2
      },
      "d": {
        "value": "d",
        "description": "Descending",
        "execClassName": null,
        "editClassName": null,
        "sortNumber": 1
      }
    },
    "defaultValue": "d",
    "description": null
  },
  "DataTypeStandard": {
    "reflistId": 16,
    "enumName": "DataTypeStandard",
    "items": {
      "cwms": {
        "value": "cwms",
        "description": "CWMS Param",
        "execClassName": null,
        "editClassName": null,
        "sortNumber": 4
      },
      "hdb": {
        "value": "hdb",
        "description": "U.S. Bureau of Reclamations Hydrologic Database",
        "execClassName": null,
        "editClassName": null,
        "sortNumber": 3
      },
      "epa-code": {
        "value": "epa-code",
        "description": "Environmental Protection Agency Parameter Code",
        "execClassName": null,
        "editClassName": null,
        "sortNumber": 2
      },
      "shef-pe": {
        "value": "shef-pe",
        "description": "Standard Hydrometeorologic Exchange Format Physical Element Code",
        "execClassName": null,
        "editClassName": null,
        "sortNumber": 1
      }
    },
    "defaultValue": "shef-pe",
    "description": null
  },
  "monthsEnum": {
    "reflistId": 22,
    "enumName": "monthsEnum",
    "items": {
      "june": {
        "value": "june",
        "description": "Month in summer",
        "execClassName": null,
        "editClassName": null,
        "sortNumber": 1
      },
      "july": {
        "value": "july",
        "description": "Month in summer",
        "execClassName": null,
        "editClassName": null,
        "sortNumber": 2
      }
    },
    "defaultValue": "January",
    "description": "Enum of months"
  },
  "OutputFormat": {
    "reflistId": 15,
    "enumName": "OutputFormat",
    "items": {
      "html-report": {
        "value": "html-report",
        "description": "HTML Report Format",
        "execClassName": null,
        "editClassName": null,
        "sortNumber": 11
      },
      "current-meter": {
        "value": "current-meter",
        "description": "Outputs the decoded ensemble for real time current meters",
        "execClassName": null,
        "editClassName": null,
        "sortNumber": 16
      },
      "csvformatter": {
        "value": "csvformatter",
        "description": "Flexible CSV or TSV Formatter",
        "execClassName": null,
        "editClassName": null,
        "sortNumber": 20
      },
      "decodesxml1": {
        "value": "decodesxml1",
        "description": "DECODES XML 1 Format",
        "execClassName": null,
        "editClassName": null,
        "sortNumber": 21
      },
      "shef": {
        "value": "shef",
        "description": "Standard Hydrometerologic Exchange Format",
        "execClassName": null,
        "editClassName": null,
        "sortNumber": 2
      },
      "transmit-monitor": {
        "value": "transmit-monitor",
        "description": "Transmission Monitor",
        "execClassName": null,
        "editClassName": null,
        "sortNumber": 8
      },
      "shefit": {
        "value": "shefit",
        "description": "USACE HEC Intermediate SHEF Format",
        "execClassName": null,
        "editClassName": null,
        "sortNumber": 3
      },
      "raw": {
        "value": "raw",
        "description": "Output raw message data",
        "execClassName": null,
        "editClassName": null,
        "sortNumber": 14
      },
      "kisterszrxp": {
        "value": "kisterszrxp",
        "description": "Kisters ZRXP Format",
        "execClassName": null,
        "editClassName": null,
        "sortNumber": 19
      },
      "stdmsg": {
        "value": "stdmsg",
        "description": "USGS Standard Message Format",
        "execClassName": null,
        "editClassName": null,
        "sortNumber": 4
      },
      "tsimport": {
        "value": "tsimport",
        "description": "Format for tsimport command",
        "execClassName": null,
        "editClassName": null,
        "sortNumber": 23
      },
      "null": {
        "value": "null",
        "description": "Null Formatter for Special Applications",
        "execClassName": null,
        "editClassName": null,
        "sortNumber": 12
      },
      "albertaloader": {
        "value": "albertaloader",
        "description": "Alberta Environment Loader Format",
        "execClassName": null,
        "editClassName": null,
        "sortNumber": 18
      },
      "emit-ascii": {
        "value": "emit-ascii",
        "description": "Compatible with EMIT ASCII format",
        "execClassName": null,
        "editClassName": null,
        "sortNumber": 5
      },
      "emit-oracle": {
        "value": "emit-oracle",
        "description": "Compatible with EMIT Oracle format",
        "execClassName": null,
        "editClassName": null,
        "sortNumber": 6
      },
      "header": {
        "value": "header",
        "description": "Outputs only header of raw message data",
        "execClassName": null,
        "editClassName": null,
        "sortNumber": 15
      },
      "hydrojson": {
        "value": "hydrojson",
        "description": "HydroJSON Format",
        "execClassName": null,
        "editClassName": null,
        "sortNumber": 22
      },
      "hydstra": {
        "value": "hydstra",
        "description": "Kisters Hydstra Format",
        "execClassName": null,
        "editClassName": null,
        "sortNumber": 10
      },
      "dump": {
        "value": "dump",
        "description": "Dump Format for testing and trouble-shooting",
        "execClassName": null,
        "editClassName": null,
        "sortNumber": 7
      },
      "hydromet dms3": {
        "value": "hydromet dms3",
        "description": "U.S. Bureau of Reclamation Hydromet DMS3 Format",
        "execClassName": null,
        "editClassName": null,
        "sortNumber": 17
      },
      "human-readable": {
        "value": "human-readable",
        "description": "Display Format",
        "execClassName": null,
        "editClassName": null,
        "sortNumber": 1
      }
    },
    "defaultValue": "human-readable",
    "description": null
  },
  "EquipmentType": {
    "reflistId": 19,
    "enumName": "EquipmentType",
    "items": {
      "dcp": {
        "value": "dcp",
        "description": "Data Collection Platform",
        "execClassName": null,
        "editClassName": null,
        "sortNumber": 1
      },
      "transportmedium": {
        "value": "transportmedium",
        "description": "Transmitter, data logger, modem, etc.",
        "execClassName": null,
        "editClassName": null,
        "sortNumber": 2
      },
      "sensor": {
        "value": "sensor",
        "description": "Environmental Sensor",
        "execClassName": null,
        "editClassName": null,
        "sortNumber": 3
      }
    },
    "defaultValue": "dcp",
    "description": null
  },
  "RecordingMode": {
    "reflistId": 21,
    "enumName": "RecordingMode",
    "items": {
      "v": {
        "value": "v",
        "description": "Variable, Triggered or Random",
        "execClassName": null,
        "editClassName": null,
        "sortNumber": 2
      },
      "f": {
        "value": "f",
        "description": "Fixed Regular Interval",
        "execClassName": null,
        "editClassName": null,
        "sortNumber": 1
      }
    },
    "defaultValue": "f",
    "description": null
  },
  "DataConsumer": {
    "reflistId": 6,
    "enumName": "DataConsumer",
    "items": {
      "file": {
        "value": "file",
        "description": "Save data in specified file",
        "execClassName": null,
        "editClassName": null,
        "sortNumber": 2
      },
      "cwms": {
        "value": "cwms",
        "description": "Output to Oracle CWMS Database",
        "execClassName": null,
        "editClassName": null,
        "sortNumber": 2147483647
      },
      "pipe": {
        "value": "pipe",
        "description": "Pipe data to standard output.",
        "execClassName": null,
        "editClassName": null,
        "sortNumber": 1
      },
      "socketclient": {
        "value": "socketclient",
        "description": "Opens connections with clients and send data over socket",
        "execClassName": null,
        "editClassName": null,
        "sortNumber": 6
      },
      "directory": {
        "value": "directory",
        "description": "Save message data in files in a directory, then optionally run a trigger script.",
        "execClassName": null,
        "editClassName": null,
        "sortNumber": 4
      },
      "opentsdb": {
        "value": "opentsdb",
        "description": "Open Time Series Consumer",
        "execClassName": null,
        "editClassName": null,
        "sortNumber": 2147483647
      }
    },
    "defaultValue": "pipe",
    "description": null
  },
  "UnitConversionAlgorithm": {
    "reflistId": 8,
    "enumName": "UnitConversionAlgorithm",
    "items": {
      "linear": {
        "value": "linear",
        "description": "Y = Ax + B",
        "execClassName": null,
        "editClassName": null,
        "sortNumber": 2147483647
      },
      "usgs-standard": {
        "value": "usgs-standard",
        "description": "Y = A * (B + x)^C + D",
        "execClassName": null,
        "editClassName": null,
        "sortNumber": 2147483647
      },
      "poly-5": {
        "value": "poly-5",
        "description": "Y = Ax5 + Bx4 + Cx3 + Dx2 + Ex + F",
        "execClassName": null,
        "editClassName": null,
        "sortNumber": 2147483647
      },
      "none": {
        "value": "none",
        "description": "No Conversion (output = input)",
        "execClassName": null,
        "editClassName": null,
        "sortNumber": 2147483647
      }
    },
    "defaultValue": null,
    "description": null
  },
  "SiteNameType": {
    "reflistId": 5,
    "enumName": "SiteNameType",
    "items": {
      "cbtt": {
        "value": "cbtt",
        "description": "Columbia Basin TeleType",
        "execClassName": null,
        "editClassName": null,
        "sortNumber": 4
      },
      "cwms": {
        "value": "cwms",
        "description": "CWMS Name Types",
        "execClassName": null,
        "editClassName": null,
        "sortNumber": 2147483647
      },
      "nwshb5": {
        "value": "nwshb5",
        "description": "National Weather Service Handbook 5 Name",
        "execClassName": null,
        "editClassName": null,
        "sortNumber": 1
      },
      "dcpmon": {
        "value": "dcpmon",
        "description": "DCP Monitor Display Name",
        "execClassName": null,
        "editClassName": null,
        "sortNumber": 2147483647
      },
      "usgs": {
        "value": "usgs",
        "description": "USGS Numeric Station ID",
        "execClassName": null,
        "editClassName": null,
        "sortNumber": 3
      },
      "local": {
        "value": "local",
        "description": "Local Site Naming Convention",
        "execClassName": null,
        "editClassName": null,
        "sortNumber": 2
      }
    },
    "defaultValue": null,
    "description": null
  },
  "ApplicationType": {
    "reflistId": 20,
    "enumName": "ApplicationType",
    "items": {
      "lrgs": {
        "value": "lrgs",
        "description": "LRGS Server Process",
        "execClassName": null,
        "editClassName": null,
        "sortNumber": 2147483647
      },
      "routingspec": {
        "value": "routingspec",
        "description": "A DECODES Routing Spec",
        "execClassName": null,
        "editClassName": null,
        "sortNumber": 2147483647
      },
      "dcpmon": {
        "value": "dcpmon",
        "description": "DCP Monitor",
        "execClassName": null,
        "editClassName": null,
        "sortNumber": 2147483647
      },
      "albertascada": {
        "value": "albertascada",
        "description": "Process to query Alberta Scada SQL database on a schedule",
        "execClassName": null,
        "editClassName": null,
        "sortNumber": 2147483647
      },
      "routingscheduler": {
        "value": "routingscheduler",
        "description": "Executes DECODES Routing Specs on a Schedule",
        "execClassName": null,
        "editClassName": null,
        "sortNumber": 2147483647
      },
      "utility": {
        "value": "utility",
        "description": "Miscellaneous Utility",
        "execClassName": null,
        "editClassName": null,
        "sortNumber": 2147483647
      },
      "computationprocess": {
        "value": "computationprocess",
        "description": "Processes computations in the Background",
        "execClassName": null,
        "editClassName": null,
        "sortNumber": 2147483647
      },
      "gui": {
        "value": "gui",
        "description": "Interactive User Interface",
        "execClassName": null,
        "editClassName": null,
        "sortNumber": 2147483647
      },
      "compdepends": {
        "value": "compdepends",
        "description": "Daemon to determine computation dependencies",
        "execClassName": null,
        "editClassName": null,
        "sortNumber": 2147483647
      },
      "web-display": {
        "value": "web-display",
        "description": "Interface for Web Display",
        "execClassName": null,
        "editClassName": null,
        "sortNumber": 2147483647
      }
    },
    "defaultValue": null,
    "description": null
  },
  "LookupAlgorithm": {
    "reflistId": 12,
    "enumName": "LookupAlgorithm",
    "items": {
      "exponential": {
        "value": "exponential",
        "description": "Exponential interpolation between table values",
        "execClassName": null,
        "editClassName": null,
        "sortNumber": 2147483647
      },
      "exact-match": {
        "value": "exact-match",
        "description": "Input must match table value to produce an output",
        "execClassName": null,
        "editClassName": null,
        "sortNumber": 2147483647
      },
      "linear": {
        "value": "linear",
        "description": "Linear interpolation between table values",
        "execClassName": null,
        "editClassName": null,
        "sortNumber": 2147483647
      },
      "truncating": {
        "value": "truncating",
        "description": "Inputs are truncated to lower table value",
        "execClassName": null,
        "editClassName": null,
        "sortNumber": 2147483647
      },
      "rounding": {
        "value": "rounding",
        "description": "Inputs are rounded to nearest table value",
        "execClassName": null,
        "editClassName": null,
        "sortNumber": 2147483647
      },
      "logarithmic": {
        "value": "logarithmic",
        "description": "Logarithmic interpolation between table values",
        "execClassName": null,
        "editClassName": null,
        "sortNumber": 2147483647
      }
    },
    "defaultValue": null,
    "description": null
  },
  "EquationScope": {
    "reflistId": 13,
    "enumName": "EquationScope",
    "items": {
      "dcp": {
        "value": "dcp",
        "description": "Apply to specific platform(s)",
        "execClassName": null,
        "editClassName": null,
        "sortNumber": 2147483647
      },
      "all": {
        "value": "all",
        "description": "Apply to all platforms",
        "execClassName": null,
        "editClassName": null,
        "sortNumber": 2147483647
      },
      "site": {
        "value": "site",
        "description": "Apply to platform at a given site",
        "execClassName": null,
        "editClassName": null,
        "sortNumber": 2147483647
      },
      "dcf": {
        "value": "dcf",
        "description": "Apply to platforms sharing a given configuration",
        "execClassName": null,
        "editClassName": null,
        "sortNumber": 2147483647
      },
      "nl": {
        "value": "nl",
        "description": "Apply to platforms in a network list",
        "execClassName": null,
        "editClassName": null,
        "sortNumber": 2147483647
      }
    },
    "defaultValue": null,
    "description": null
  },
  "Measures": {
    "reflistId": 7,
    "enumName": "Measures",
    "items": {
      "area": {
        "value": "area",
        "description": "Area",
        "execClassName": null,
        "editClassName": null,
        "sortNumber": 2147483647
      },
      "volume": {
        "value": "volume",
        "description": "Volume",
        "execClassName": null,
        "editClassName": null,
        "sortNumber": 2147483647
      },
      "arc": {
        "value": "arc",
        "description": "degrees or radians",
        "execClassName": null,
        "editClassName": null,
        "sortNumber": 2147483647
      },
      "length": {
        "value": "length",
        "description": "Length or distance",
        "execClassName": null,
        "editClassName": null,
        "sortNumber": 2147483647
      },
      "temperature": {
        "value": "temperature",
        "description": "Temperature",
        "execClassName": null,
        "editClassName": null,
        "sortNumber": 2147483647
      },
      "angle": {
        "value": "angle",
        "description": "Angle",
        "execClassName": null,
        "editClassName": null,
        "sortNumber": 2147483647
      },
      "time": {
        "value": "time",
        "description": "Time",
        "execClassName": null,
        "editClassName": null,
        "sortNumber": 2147483647
      },
      "velocity": {
        "value": "velocity",
        "description": "Velocity",
        "execClassName": null,
        "editClassName": null,
        "sortNumber": 2147483647
      },
      "flow": {
        "value": "flow",
        "description": "Volume / Time",
        "execClassName": null,
        "editClassName": null,
        "sortNumber": 2147483647
      },
      "voltage": {
        "value": "voltage",
        "description": "voltage",
        "execClassName": null,
        "editClassName": null,
        "sortNumber": 2147483647
      },
      "ratio": {
        "value": "ratio",
        "description": "Ratio",
        "execClassName": null,
        "editClassName": null,
        "sortNumber": 2147483647
      },
      "undefined": {
        "value": "undefined",
        "description": "Undefined",
        "execClassName": null,
        "editClassName": null,
        "sortNumber": 2147483647
      }
    },
    "defaultValue": null,
    "description": null
  },
  "GroupType": {
    "reflistId": 10,
    "enumName": "GroupType",
    "items": {
      "comp selection": {
        "value": "comp selection",
        "description": "Group used for computation selection",
        "execClassName": null,
        "editClassName": null,
        "sortNumber": 2147483647
      },
      "basin": {
        "value": "basin",
        "description": "A group of sites in the same river basin",
        "execClassName": null,
        "editClassName": null,
        "sortNumber": 2147483647
      },
      "region": {
        "value": "region",
        "description": "A collection of basins in a region",
        "execClassName": null,
        "editClassName": null,
        "sortNumber": 2147483647
      },
      "data type": {
        "value": "data type",
        "description": "Parameters with related data-types",
        "execClassName": null,
        "editClassName": null,
        "sortNumber": 2147483647
      },
      "site group": {
        "value": "site group",
        "description": "Params at group of related sites",
        "execClassName": null,
        "editClassName": null,
        "sortNumber": 2147483647
      }
    },
    "defaultValue": null,
    "description": null
  },
  "LoggerType": {
    "reflistId": 11,
    "enumName": "LoggerType",
    "items": {
      "vedasii": {
        "value": "vedasii",
        "description": "Vedas-II",
        "execClassName": null,
        "editClassName": null,
        "sortNumber": 2147483647
      },
      "fts": {
        "value": "fts",
        "description": "Forest Telemetry Systems",
        "execClassName": null,
        "editClassName": null,
        "sortNumber": 2147483647
      },
      "amasser": {
        "value": "amasser",
        "description": "Amasser PDAS 1 and 2",
        "execClassName": null,
        "editClassName": null,
        "sortNumber": 2147483647
      },
      "sutron": {
        "value": "sutron",
        "description": "Sutron Command-line mode",
        "execClassName": null,
        "editClassName": null,
        "sortNumber": 2147483647
      },
      "campbell": {
        "value": "campbell",
        "description": "Campbell CR10X",
        "execClassName": null,
        "editClassName": null,
        "sortNumber": 2147483647
      },
      "h555": {
        "value": "h555",
        "description": "Handar 555",
        "execClassName": null,
        "editClassName": null,
        "sortNumber": 2147483647
      }
    },
    "defaultValue": null,
    "description": null
  },
  "DataSourceType": {
    "reflistId": 1,
    "enumName": "DataSourceType",
    "items": {
      "lrgs": {
        "value": "lrgs",
        "description": "Read messages from LRGS data server",
        "execClassName": null,
        "editClassName": null,
        "sortNumber": 1
      },
      "scp": {
        "value": "scp",
        "description": "Download file with SCP and then process with File Data Source",
        "execClassName": null,
        "editClassName": null,
        "sortNumber": 10
      },
      "ftp": {
        "value": "ftp",
        "description": "Download file with FTP and then process with File Data Source",
        "execClassName": null,
        "editClassName": null,
        "sortNumber": 8
      },
      "socketstream": {
        "value": "socketstream",
        "description": "Read messages a socket stream",
        "execClassName": null,
        "editClassName": null,
        "sortNumber": 5
      },
      "hotbackupgroup": {
        "value": "hotbackupgroup",
        "description": "Read messages from one source in a group",
        "execClassName": null,
        "editClassName": null,
        "sortNumber": 2
      },
      "roundrobingroup": {
        "value": "roundrobingroup",
        "description": "Read messages from all sources in a group",
        "execClassName": null,
        "editClassName": null,
        "sortNumber": 6
      },
      "directory": {
        "value": "directory",
        "description": "Read messages from files in a specified directory",
        "execClassName": null,
        "editClassName": null,
        "sortNumber": 4
      },
      "webdirectory": {
        "value": "webdirectory",
        "description": "Web Directory for MSC Data Depot",
        "execClassName": null,
        "editClassName": null,
        "sortNumber": 11
      },
      "file": {
        "value": "file",
        "description": "Read message(s) from specified file",
        "execClassName": null,
        "editClassName": null,
        "sortNumber": 3
      },
      "abstractweb": {
        "value": "abstractweb",
        "description": "Abstract page name with network list substitution",
        "execClassName": null,
        "editClassName": null,
        "sortNumber": 7
      },
      "polled": {
        "value": "polled",
        "description": "Poll or Listen to Remote Data Loggers",
        "execClassName": null,
        "editClassName": null,
        "sortNumber": 9
      },
      "web": {
        "value": "web",
        "description": "Download data from a web pageL",
        "execClassName": null,
        "editClassName": null,
        "sortNumber": 6
      },
      "sftp": {
        "value": "sftp",
        "description": "Download file with SFTP and then process with File Data Source",
        "execClassName": null,
        "editClassName": null,
        "sortNumber": 10
      }
    },
    "defaultValue": "lrgs",
    "description": null
  },
  "UnitFamily": {
    "reflistId": 14,
    "enumName": "UnitFamily",
    "items": {
      "metric": {
        "value": "metric",
        "description": "International Metric System",
        "execClassName": null,
        "editClassName": null,
        "sortNumber": 2
      },
      "english": {
        "value": "english",
        "description": "English Measurements",
        "execClassName": null,
        "editClassName": null,
        "sortNumber": 1
      }
    },
    "defaultValue": "english",
    "description": null
  },
  "PortType": {
    "reflistId": 2,
    "enumName": "PortType",
    "items": {
      "tcplisten": {
        "value": "tcplisten",
        "description": "TCP Listening Socket",
        "execClassName": null,
        "editClassName": null,
        "sortNumber": 2147483647
      },
      "digi": {
        "value": "digi",
        "description": "Digi ConnectPort",
        "execClassName": null,
        "editClassName": null,
        "sortNumber": 2147483647
      },
      "tcpclient": {
        "value": "tcpclient",
        "description": "TCP Client Port",
        "execClassName": null,
        "editClassName": null,
        "sortNumber": 2147483647
      }
    },
    "defaultValue": null,
    "description": null
  }
}