{
  "tsid": {
    "uniqueString": "TS test site.Area.Inst.5Minutes.0.Calc",
    "key": 1,
    "description": "Area at TS test site",
    "storageUnits": "ft2",
    "active": true
  },
  "values": [
    {
      "sampleTime": "2025-02-01T12:25:00.000Z[UTC]",
      "value": 0.20438668,
      "flags": 0
    },
    {
      "sampleTime": "2025-02-01T12:30:00.000Z[UTC]",
      "value": 0.30658004,
      "flags": 0
    },
    {
      "sampleTime": "2025-02-01T12:35:00.000Z[UTC]",
      "value": 1.6722547,
      "flags": 0
    },
    {
      "sampleTime": "2025-02-01T12:40:00.000Z[UTC]",
      "value": 1.8580608,
      "flags": 0
    }
  ]
}