{
  "transportId" : "6698948",
  "platformName" : "Stream_test_site",
  "description" : "platform associated with stream"
}