[
  {
    "appId": null,
    "appName": "River Flow Calculation",
    "priority": "normal",
    "eventTime": "2024-12-30T18:59:51.000Z[UTC]",
    "eventText": "Starting"
  }
]