[
  {
    "configId": 1,
    "name": "Test Platform",
    "numPlatforms": 0,
    "description":"Test Platform"
  }
]