[
  {
    "ucId": 1,
    "fromAbbr": "m^3/s",
    "toAbbr": "cms",
    "algorithm": "none",
    "a": 0,
    "b": 0,
    "c": 0,
    "d": 0,
    "e": 0,
    "f": 0
  },
  {
    "ucId": 2,
    "fromAbbr": "ft",
    "toAbbr": "in",
    "algorithm": "linear",
    "a": 12,
    "b": 0,
    "c": 0,
    "d": 0,
    "e": 0,
    "f": 0
  },
  {
    "ucId": 3,
    "fromAbbr": "kG",
    "toAbbr": "G",
    "algorithm": "linear",
    "a": 1000,
    "b": 0,
    "c": 0,
    "d": 0,
    "e": 0,
    "f": 0
  },
  {
    "ucId": 4,
    "fromAbbr": "count",
    "toAbbr": "unit",
    "algorithm": "none",
    "a": 0,
    "b": 0,
    "c": 0,
    "d": 0,
    "e": 0,
    "f": 0
  },
  {
    "ucId": 5,
    "fromAbbr": "G",
    "toAbbr": "mG",
    "algorithm": "linear",
    "a": 1000,
    "b": 0,
    "c": 0,
    "d": 0,
    "e": 0,
    "f": 0
  },
  {
    "ucId": 6,
    "fromAbbr": "cM",
    "toAbbr": "cm",
    "algorithm": "none",
    "a": 0,
    "b": 0,
    "c": 0,
    "d": 0,
    "e": 0,
    "f": 0
  },
  {
    "ucId": 7,
    "fromAbbr": "mi",
    "toAbbr": "m",
    "algorithm": "linear",
    "a": 1609.344,
    "b": 0,
    "c": 0,
    "d": 0,
    "e": 0,
    "f": 0
  },
  {
    "ucId": 8,
    "fromAbbr": "acre*ft",
    "toAbbr": "ac-ft",
    "algorithm": "none",
    "a": 0,
    "b": 0,
    "c": 0,
    "d": 0,
    "e": 0,
    "f": 0
  },
  {
    "ucId": 9,
    "fromAbbr": "%",
    "toAbbr": "pct",
    "algorithm": "none",
    "a": 0,
    "b": 0,
    "c": 0,
    "d": 0,
    "e": 0,
    "f": 0
  },
  {
    "ucId": 10,
    "fromAbbr": "inHg",
    "toAbbr": "pa",
    "algorithm": "linear",
    "a": 3386.38,
    "b": 0,
    "c": 0,
    "d": 0,
    "e": 0,
    "f": 0
  },
  {
    "ucId": 11,
    "fromAbbr": "mG/L",
    "toAbbr": "uG/L",
    "algorithm": "linear",
    "a": 1000,
    "b": 0,
    "c": 0,
    "d": 0,
    "e": 0,
    "f": 0
  },
  {
    "ucId": 12,
    "fromAbbr": "kW",
    "toAbbr": "W",
    "algorithm": "linear",
    "a": 1000,
    "b": 0,
    "c": 0,
    "d": 0,
    "e": 0,
    "f": 0
  },
  {
    "ucId": 13,
    "fromAbbr": "mi^2",
    "toAbbr": "mile2",
    "algorithm": "none",
    "a": 0,
    "b": 0,
    "c": 0,
    "d": 0,
    "e": 0,
    "f": 0
  },
  {
    "ucId": 14,
    "fromAbbr": "M",
    "toAbbr": "m",
    "algorithm": "none",
    "a": 0,
    "b": 0,
    "c": 0,
    "d": 0,
    "e": 0,
    "f": 0
  },
  {
    "ucId": 15,
    "fromAbbr": "ft/s",
    "toAbbr": "M/s",
    "algorithm": "linear",
    "a": 0.3048,
    "b": 0,
    "c": 0,
    "d": 0,
    "e": 0,
    "f": 0
  },
  {
    "ucId": 16,
    "fromAbbr": "ac-ft",
    "toAbbr": "m3",
    "algorithm": "linear",
    "a": 1233.4818,
    "b": 0,
    "c": 0,
    "d": 0,
    "e": 0,
    "f": 0
  },
  {
    "ucId": 17,
    "fromAbbr": "uMHO",
    "toAbbr": "umho",
    "algorithm": "none",
    "a": 0,
    "b": 0,
    "c": 0,
    "d": 0,
    "e": 0,
    "f": 0
  },
  {
    "ucId": 18,
    "fromAbbr": "MWh",
    "toAbbr": "GWh",
    "algorithm": "linear",
    "a": 0.001,
    "b": 0,
    "c": 0,
    "d": 0,
    "e": 0,
    "f": 0
  },
  {
    "ucId": 19,
    "fromAbbr": "g/l",
    "toAbbr": "gm/cm3",
    "algorithm": "linear",
    "a": 0.001,
    "b": 0,
    "c": 0,
    "d": 0,
    "e": 0,
    "f": 0
  },
  {
    "ucId": 20,
    "fromAbbr": "ft",
    "toAbbr": "m",
    "algorithm": "linear",
    "a": 0.3048,
    "b": 0,
    "c": 0,
    "d": 0,
    "e": 0,
    "f": 0
  },
  {
    "ucId": 21,
    "fromAbbr": "kpa",
    "toAbbr": "kPa",
    "algorithm": "none",
    "a": 0,
    "b": 0,
    "c": 0,
    "d": 0,
    "e": 0,
    "f": 0
  },
  {
    "ucId": 22,
    "fromAbbr": "bar",
    "toAbbr": "pa",
    "algorithm": "linear",
    "a": 100000,
    "b": 0,
    "c": 0,
    "d": 0,
    "e": 0,
    "f": 0
  },
  {
    "ucId": 23,
    "fromAbbr": "mG",
    "toAbbr": "uG",
    "algorithm": "linear",
    "a": 1000,
    "b": 0,
    "c": 0,
    "d": 0,
    "e": 0,
    "f": 0
  },
  {
    "ucId": 24,
    "fromAbbr": "m",
    "toAbbr": "km",
    "algorithm": "linear",
    "a": 0.001,
    "b": 0,
    "c": 0,
    "d": 0,
    "e": 0,
    "f": 0
  },
  {
    "ucId": 25,
    "fromAbbr": "M/s",
    "toAbbr": "m/s",
    "algorithm": "none",
    "a": 0,
    "b": 0,
    "c": 0,
    "d": 0,
    "e": 0,
    "f": 0
  },
  {
    "ucId": 26,
    "fromAbbr": "qt",
    "toAbbr": "pt",
    "algorithm": "linear",
    "a": 2,
    "b": 0,
    "c": 0,
    "d": 0,
    "e": 0,
    "f": 0
  },
  {
    "ucId": 27,
    "fromAbbr": "kM^2",
    "toAbbr": "M^2",
    "algorithm": "linear",
    "a": 1000000,
    "b": 0,
    "c": 0,
    "d": 0,
    "e": 0,
    "f": 0
  },
  {
    "ucId": 28,
    "fromAbbr": "week",
    "toAbbr": "day",
    "algorithm": "linear",
    "a": 7,
    "b": 0,
    "c": 0,
    "d": 0,
    "e": 0,
    "f": 0
  },
  {
    "ucId": 29,
    "fromAbbr": "ft/s",
    "toAbbr": "mph",
    "algorithm": "linear",
    "a": 0.681818181818,
    "b": 0,
    "c": 0,
    "d": 0,
    "e": 0,
    "f": 0
  },
  {
    "ucId": 30,
    "fromAbbr": "acre",
    "toAbbr": "ft^2",
    "algorithm": "linear",
    "a": 43560,
    "b": 0,
    "c": 0,
    "d": 0,
    "e": 0,
    "f": 0
  },
  {
    "ucId": 31,
    "fromAbbr": "m",
    "toAbbr": "cm",
    "algorithm": "linear",
    "a": 100,
    "b": 0,
    "c": 0,
    "d": 0,
    "e": 0,
    "f": 0
  },
  {
    "ucId": 32,
    "fromAbbr": "ft/s",
    "toAbbr": "in/s",
    "algorithm": "linear",
    "a": 12,
    "b": 0,
    "c": 0,
    "d": 0,
    "e": 0,
    "f": 0
  },
  {
    "ucId": 33,
    "fromAbbr": "m^3/s",
    "toAbbr": "cfs",
    "algorithm": "linear",
    "a": 35.31466247,
    "b": 0,
    "c": 0,
    "d": 0,
    "e": 0,
    "f": 0
  },
  {
    "ucId": 34,
    "fromAbbr": "kj",
    "toAbbr": "j",
    "algorithm": "linear",
    "a": 1000,
    "b": 0,
    "c": 0,
    "d": 0,
    "e": 0,
    "f": 0
  },
  {
    "ucId": 35,
    "fromAbbr": "cal",
    "toAbbr": "j",
    "algorithm": "linear",
    "a": 4.184,
    "b": 0,
    "c": 0,
    "d": 0,
    "e": 0,
    "f": 0
  },
  {
    "ucId": 36,
    "fromAbbr": "min",
    "toAbbr": "sec",
    "algorithm": "linear",
    "a": 60,
    "b": 0,
    "c": 0,
    "d": 0,
    "e": 0,
    "f": 0
  },
  {
    "ucId": 37,
    "fromAbbr": "psi",
    "toAbbr": "pa",
    "algorithm": "linear",
    "a": 6874.75729,
    "b": 0,
    "c": 0,
    "d": 0,
    "e": 0,
    "f": 0
  },
  {
    "ucId": 38,
    "fromAbbr": "mph",
    "toAbbr": "knots",
    "algorithm": "linear",
    "a": 0.8689762419006,
    "b": 0,
    "c": 0,
    "d": 0,
    "e": 0,
    "f": 0
  },
  {
    "ucId": 39,
    "fromAbbr": "kM^2",
    "toAbbr": "km2",
    "algorithm": "none",
    "a": 0,
    "b": 0,
    "c": 0,
    "d": 0,
    "e": 0,
    "f": 0
  },
  {
    "ucId": 40,
    "fromAbbr": "ft^3",
    "toAbbr": "ft3",
    "algorithm": "none",
    "a": 0,
    "b": 0,
    "c": 0,
    "d": 0,
    "e": 0,
    "f": 0
  },
  {
    "ucId": 41,
    "fromAbbr": "V",
    "toAbbr": "volt",
    "algorithm": "none",
    "a": 0,
    "b": 0,
    "c": 0,
    "d": 0,
    "e": 0,
    "f": 0
  },
  {
    "ucId": 42,
    "fromAbbr": "lb",
    "toAbbr": "oz",
    "algorithm": "linear",
    "a": 16,
    "b": 0,
    "c": 0,
    "d": 0,
    "e": 0,
    "f": 0
  },
  {
    "ucId": 43,
    "fromAbbr": "pt",
    "toAbbr": "floz",
    "algorithm": "linear",
    "a": 16,
    "b": 0,
    "c": 0,
    "d": 0,
    "e": 0,
    "f": 0
  },
  {
    "ucId": 44,
    "fromAbbr": "mL",
    "toAbbr": "cc",
    "algorithm": "none",
    "a": 0,
    "b": 0,
    "c": 0,
    "d": 0,
    "e": 0,
    "f": 0
  },
  {
    "ucId": 45,
    "fromAbbr": "gal",
    "toAbbr": "mgal",
    "algorithm": "linear",
    "a": 0.000001,
    "b": 0,
    "c": 0,
    "d": 0,
    "e": 0,
    "f": 0
  },
  {
    "ucId": 46,
    "fromAbbr": "gal",
    "toAbbr": "qt",
    "algorithm": "linear",
    "a": 4,
    "b": 0,
    "c": 0,
    "d": 0,
    "e": 0,
    "f": 0
  },
  {
    "ucId": 47,
    "fromAbbr": "in/hr",
    "toAbbr": "in/day",
    "algorithm": "linear",
    "a": 0.4166667,
    "b": 0,
    "c": 0,
    "d": 0,
    "e": 0,
    "f": 0
  },
  {
    "ucId": 48,
    "fromAbbr": "ft^2",
    "toAbbr": "ft2",
    "algorithm": "none",
    "a": 0,
    "b": 0,
    "c": 0,
    "d": 0,
    "e": 0,
    "f": 0
  },
  {
    "ucId": 49,
    "fromAbbr": "lbf",
    "toAbbr": "N",
    "algorithm": "linear",
    "a": 4.448222,
    "b": 0,
    "c": 0,
    "d": 0,
    "e": 0,
    "f": 0
  },
  {
    "ucId": 50,
    "fromAbbr": "kL",
    "toAbbr": "L",
    "algorithm": "linear",
    "a": 1000,
    "b": 0,
    "c": 0,
    "d": 0,
    "e": 0,
    "f": 0
  },
  {
    "ucId": 51,
    "fromAbbr": "L",
    "toAbbr": "mL",
    "algorithm": "linear",
    "a": 1000,
    "b": 0,
    "c": 0,
    "d": 0,
    "e": 0,
    "f": 0
  },
  {
    "ucId": 52,
    "fromAbbr": "g/L",
    "toAbbr": "mG/L",
    "algorithm": "linear",
    "a": 1000,
    "b": 0,
    "c": 0,
    "d": 0,
    "e": 0,
    "f": 0
  },
  {
    "ucId": 53,
    "fromAbbr": "lbf",
    "toAbbr": "lb",
    "algorithm": "none",
    "a": 0,
    "b": 0,
    "c": 0,
    "d": 0,
    "e": 0,
    "f": 0
  },
  {
    "ucId": 54,
    "fromAbbr": "m",
    "toAbbr": "um",
    "algorithm": "linear",
    "a": 1000000,
    "b": 0,
    "c": 0,
    "d": 0,
    "e": 0,
    "f": 0
  },
  {
    "ucId": 55,
    "fromAbbr": "cfs",
    "toAbbr": "ft^3/s",
    "algorithm": "none",
    "a": 0,
    "b": 0,
    "c": 0,
    "d": 0,
    "e": 0,
    "f": 0
  },
  {
    "ucId": 56,
    "fromAbbr": "btu",
    "toAbbr": "j",
    "algorithm": "linear",
    "a": 1055.056,
    "b": 0,
    "c": 0,
    "d": 0,
    "e": 0,
    "f": 0
  },
  {
    "ucId": 57,
    "fromAbbr": "kW",
    "toAbbr": "MW",
    "algorithm": "linear",
    "a": 0.001,
    "b": 0,
    "c": 0,
    "d": 0,
    "e": 0,
    "f": 0
  },
  {
    "ucId": 58,
    "fromAbbr": "yd^2",
    "toAbbr": "ft^2",
    "algorithm": "linear",
    "a": 9,
    "b": 0,
    "c": 0,
    "d": 0,
    "e": 0,
    "f": 0
  },
  {
    "ucId": 59,
    "fromAbbr": "Wh",
    "toAbbr": "kWh",
    "algorithm": "linear",
    "a": 0.001,
    "b": 0,
    "c": 0,
    "d": 0,
    "e": 0,
    "f": 0
  },
  {
    "ucId": 60,
    "fromAbbr": "ft/s",
    "toAbbr": "in/hr",
    "algorithm": "linear",
    "a": 43200,
    "b": 0,
    "c": 0,
    "d": 0,
    "e": 0,
    "f": 0
  },
  {
    "ucId": 61,
    "fromAbbr": "m",
    "toAbbr": "mm",
    "algorithm": "linear",
    "a": 1000,
    "b": 0,
    "c": 0,
    "d": 0,
    "e": 0,
    "f": 0
  },
  {
    "ucId": 62,
    "fromAbbr": "mph",
    "toAbbr": "kM/hr",
    "algorithm": "linear",
    "a": 1.609344,
    "b": 0,
    "c": 0,
    "d": 0,
    "e": 0,
    "f": 0
  },
  {
    "ucId": 63,
    "fromAbbr": "m3",
    "toAbbr": "km3",
    "algorithm": "linear",
    "a": 1e-9,
    "b": 0,
    "c": 0,
    "d": 0,
    "e": 0,
    "f": 0
  },
  {
    "ucId": 64,
    "fromAbbr": "ac-ft",
    "toAbbr": "kaf",
    "algorithm": "linear",
    "a": 0.001,
    "b": 0,
    "c": 0,
    "d": 0,
    "e": 0,
    "f": 0
  },
  {
    "ucId": 65,
    "fromAbbr": "cM^2",
    "toAbbr": "M^2",
    "algorithm": "linear",
    "a": 0.0001,
    "b": 0,
    "c": 0,
    "d": 0,
    "e": 0,
    "f": 0
  },
  {
    "ucId": 66,
    "fromAbbr": "umho",
    "toAbbr": "mho",
    "algorithm": "linear",
    "a": 0.000001,
    "b": 0,
    "c": 0,
    "d": 0,
    "e": 0,
    "f": 0
  },
  {
    "ucId": 67,
    "fromAbbr": "uMHOs",
    "toAbbr": "uMHOs/cm",
    "algorithm": "none",
    "a": 0,
    "b": 0,
    "c": 0,
    "d": 0,
    "e": 0,
    "f": 0
  },
  {
    "ucId": 68,
    "fromAbbr": "gal",
    "toAbbr": "L",
    "algorithm": "linear",
    "a": 3.785412,
    "b": 0,
    "c": 0,
    "d": 0,
    "e": 0,
    "f": 0
  },
  {
    "ucId": 69,
    "fromAbbr": "yd",
    "toAbbr": "ft",
    "algorithm": "linear",
    "a": 3,
    "b": 0,
    "c": 0,
    "d": 0,
    "e": 0,
    "f": 0
  },
  {
    "ucId": 70,
    "fromAbbr": "m^3",
    "toAbbr": "L",
    "algorithm": "linear",
    "a": 1000,
    "b": 0,
    "c": 0,
    "d": 0,
    "e": 0,
    "f": 0
  },
  {
    "ucId": 71,
    "fromAbbr": "mi^2",
    "toAbbr": "ft^2",
    "algorithm": "linear",
    "a": 27878400,
    "b": 0,
    "c": 0,
    "d": 0,
    "e": 0,
    "f": 0
  },
  {
    "ucId": 72,
    "fromAbbr": "mho",
    "toAbbr": "S",
    "algorithm": "none",
    "a": 0,
    "b": 0,
    "c": 0,
    "d": 0,
    "e": 0,
    "f": 0
  },
  {
    "ucId": 73,
    "fromAbbr": "kM",
    "toAbbr": "km",
    "algorithm": "none",
    "a": 0,
    "b": 0,
    "c": 0,
    "d": 0,
    "e": 0,
    "f": 0
  },
  {
    "ucId": 74,
    "fromAbbr": "m2",
    "toAbbr": "1000 m2",
    "algorithm": "linear",
    "a": 0.001,
    "b": 0,
    "c": 0,
    "d": 0,
    "e": 0,
    "f": 0
  },
  {
    "ucId": 75,
    "fromAbbr": "GW",
    "toAbbr": "TW",
    "algorithm": "linear",
    "a": 0.001,
    "b": 0,
    "c": 0,
    "d": 0,
    "e": 0,
    "f": 0
  },
  {
    "ucId": 76,
    "fromAbbr": "deg",
    "toAbbr": "deg*10",
    "algorithm": "linear",
    "a": 0.1,
    "b": 0,
    "c": 0,
    "d": 0,
    "e": 0,
    "f": 0
  },
  {
    "ucId": 77,
    "fromAbbr": "mL",
    "toAbbr": "uL",
    "algorithm": "linear",
    "a": 1000,
    "b": 0,
    "c": 0,
    "d": 0,
    "e": 0,
    "f": 0
  },
  {
    "ucId": 78,
    "fromAbbr": "M^2",
    "toAbbr": "m2",
    "algorithm": "none",
    "a": 0,
    "b": 0,
    "c": 0,
    "d": 0,
    "e": 0,
    "f": 0
  },
  {
    "ucId": 79,
    "fromAbbr": "kWh",
    "toAbbr": "MWh",
    "algorithm": "linear",
    "a": 0.001,
    "b": 0,
    "c": 0,
    "d": 0,
    "e": 0,
    "f": 0
  },
  {
    "ucId": 80,
    "fromAbbr": "mi",
    "toAbbr": "ft",
    "algorithm": "linear",
    "a": 5280,
    "b": 0,
    "c": 0,
    "d": 0,
    "e": 0,
    "f": 0
  },
  {
    "ucId": 81,
    "fromAbbr": "MW",
    "toAbbr": "GW",
    "algorithm": "linear",
    "a": 0.001,
    "b": 0,
    "c": 0,
    "d": 0,
    "e": 0,
    "f": 0
  },
  {
    "ucId": 82,
    "fromAbbr": "kcfs",
    "toAbbr": "cfs",
    "algorithm": "linear",
    "a": 1000,
    "b": 0,
    "c": 0,
    "d": 0,
    "e": 0,
    "f": 0
  },
  {
    "ucId": 83,
    "fromAbbr": "gal",
    "toAbbr": "kgal",
    "algorithm": "linear",
    "a": 0.001,
    "b": 0,
    "c": 0,
    "d": 0,
    "e": 0,
    "f": 0
  },
  {
    "ucId": 84,
    "fromAbbr": "ppt",
    "toAbbr": "ppm",
    "algorithm": "linear",
    "a": 1000,
    "b": 0,
    "c": 0,
    "d": 0,
    "e": 0,
    "f": 0
  },
  {
    "ucId": 85,
    "fromAbbr": "uMHOs",
    "toAbbr": "uMHO",
    "algorithm": "none",
    "a": 0,
    "b": 0,
    "c": 0,
    "d": 0,
    "e": 0,
    "f": 0
  },
  {
    "ucId": 86,
    "fromAbbr": "ft^3",
    "toAbbr": "in^3",
    "algorithm": "linear",
    "a": 1728,
    "b": 0,
    "c": 0,
    "d": 0,
    "e": 0,
    "f": 0
  },
  {
    "ucId": 87,
    "fromAbbr": "cM/s",
    "toAbbr": "mM/s",
    "algorithm": "linear",
    "a": 10,
    "b": 0,
    "c": 0,
    "d": 0,
    "e": 0,
    "f": 0
  },
  {
    "ucId": 88,
    "fromAbbr": "atm",
    "toAbbr": "pa",
    "algorithm": "linear",
    "a": 101325,
    "b": 0,
    "c": 0,
    "d": 0,
    "e": 0,
    "f": 0
  },
  {
    "ucId": 89,
    "fromAbbr": "mmHg",
    "toAbbr": "mm-hg",
    "algorithm": "none",
    "a": 0,
    "b": 0,
    "c": 0,
    "d": 0,
    "e": 0,
    "f": 0
  },
  {
    "ucId": 90,
    "fromAbbr": "acre",
    "toAbbr": "ha",
    "algorithm": "linear",
    "a": 0.4046856,
    "b": 0,
    "c": 0,
    "d": 0,
    "e": 0,
    "f": 0
  },
  {
    "ucId": 91,
    "fromAbbr": "mM",
    "toAbbr": "mm",
    "algorithm": "none",
    "a": 0,
    "b": 0,
    "c": 0,
    "d": 0,
    "e": 0,
    "f": 0
  },
  {
    "ucId": 92,
    "fromAbbr": "mM^2",
    "toAbbr": "M^2",
    "algorithm": "linear",
    "a": 0.000001,
    "b": 0,
    "c": 0,
    "d": 0,
    "e": 0,
    "f": 0
  },
  {
    "ucId": 93,
    "fromAbbr": "kpa",
    "toAbbr": "pa",
    "algorithm": "linear",
    "a": 1000,
    "b": 0,
    "c": 0,
    "d": 0,
    "e": 0,
    "f": 0
  },
  {
    "ucId": 94,
    "fromAbbr": "ft*lbf/s",
    "toAbbr": "W",
    "algorithm": "linear",
    "a": 1.355818,
    "b": 0,
    "c": 0,
    "d": 0,
    "e": 0,
    "f": 0
  },
  {
    "ucId": 95,
    "fromAbbr": "mmHg",
    "toAbbr": "pa",
    "algorithm": "linear",
    "a": 133.3224,
    "b": 0,
    "c": 0,
    "d": 0,
    "e": 0,
    "f": 0
  },
  {
    "ucId": 96,
    "fromAbbr": "%",
    "toAbbr": "ppt",
    "algorithm": "linear",
    "a": 10,
    "b": 0,
    "c": 0,
    "d": 0,
    "e": 0,
    "f": 0
  },
  {
    "ucId": 97,
    "fromAbbr": "lb",
    "toAbbr": "G",
    "algorithm": "linear",
    "a": 453.59237,
    "b": 0,
    "c": 0,
    "d": 0,
    "e": 0,
    "f": 0
  },
  {
    "ucId": 98,
    "fromAbbr": "gal",
    "toAbbr": "in^3",
    "algorithm": "linear",
    "a": 231,
    "b": 0,
    "c": 0,
    "d": 0,
    "e": 0,
    "f": 0
  },
  {
    "ucId": 99,
    "fromAbbr": "inHg",
    "toAbbr": "in-hg",
    "algorithm": "none",
    "a": 0,
    "b": 0,
    "c": 0,
    "d": 0,
    "e": 0,
    "f": 0
  },
  {
    "ucId": 100,
    "fromAbbr": "ft^2",
    "toAbbr": "in^2",
    "algorithm": "linear",
    "a": 144,
    "b": 0,
    "c": 0,
    "d": 0,
    "e": 0,
    "f": 0
  },
  {
    "ucId": 101,
    "fromAbbr": "ton",
    "toAbbr": "lb",
    "algorithm": "linear",
    "a": 2000,
    "b": 0,
    "c": 0,
    "d": 0,
    "e": 0,
    "f": 0
  },
  {
    "ucId": 102,
    "fromAbbr": "M^3",
    "toAbbr": "m3",
    "algorithm": "none",
    "a": 0,
    "b": 0,
    "c": 0,
    "d": 0,
    "e": 0,
    "f": 0
  },
  {
    "ucId": 103,
    "fromAbbr": "mi^2",
    "toAbbr": "acre",
    "algorithm": "linear",
    "a": 640,
    "b": 0,
    "c": 0,
    "d": 0,
    "e": 0,
    "f": 0
  },
  {
    "ucId": 104,
    "fromAbbr": "mbar",
    "toAbbr": "mb",
    "algorithm": "none",
    "a": 0,
    "b": 0,
    "c": 0,
    "d": 0,
    "e": 0,
    "f": 0
  },
  {
    "ucId": 105,
    "fromAbbr": "mt",
    "toAbbr": "G",
    "algorithm": "linear",
    "a": 1000000,
    "b": 0,
    "c": 0,
    "d": 0,
    "e": 0,
    "f": 0
  },
  {
    "ucId": 106,
    "fromAbbr": "GWh",
    "toAbbr": "TWh",
    "algorithm": "linear",
    "a": 0.001,
    "b": 0,
    "c": 0,
    "d": 0,
    "e": 0,
    "f": 0
  },
  {
    "ucId": 107,
    "fromAbbr": "kM/hr",
    "toAbbr": "kph",
    "algorithm": "none",
    "a": 0,
    "b": 0,
    "c": 0,
    "d": 0,
    "e": 0,
    "f": 0
  },
  {
    "ucId": 108,
    "fromAbbr": "degF",
    "toAbbr": "F",
    "algorithm": "none",
    "a": 0,
    "b": 0,
    "c": 0,
    "d": 0,
    "e": 0,
    "f": 0
  },
  {
    "ucId": 109,
    "fromAbbr": "mM/s",
    "toAbbr": "mm/hr",
    "algorithm": "linear",
    "a": 3600,
    "b": 0,
    "c": 0,
    "d": 0,
    "e": 0,
    "f": 0
  },
  {
    "ucId": 110,
    "fromAbbr": "uS/cm",
    "toAbbr": "umho/cm",
    "algorithm": "none",
    "a": 0,
    "b": 0,
    "c": 0,
    "d": 0,
    "e": 0,
    "f": 0
  },
  {
    "ucId": 111,
    "fromAbbr": "km3",
    "toAbbr": "mile3",
    "algorithm": "linear",
    "a": 0.2399128,
    "b": 0,
    "c": 0,
    "d": 0,
    "e": 0,
    "f": 0
  },
  {
    "ucId": 112,
    "fromAbbr": "kj",
    "toAbbr": "Wh",
    "algorithm": "linear",
    "a": 0.2777778,
    "b": 0,
    "c": 0,
    "d": 0,
    "e": 0,
    "f": 0
  },
  {
    "ucId": 113,
    "fromAbbr": "M/s",
    "toAbbr": "cM/s",
    "algorithm": "linear",
    "a": 100,
    "b": 0,
    "c": 0,
    "d": 0,
    "e": 0,
    "f": 0
  },
  {
    "ucId": 114,
    "fromAbbr": "dyn",
    "toAbbr": "N",
    "algorithm": "linear",
    "a": 0.00001,
    "b": 0,
    "c": 0,
    "d": 0,
    "e": 0,
    "f": 0
  },
  {
    "ucId": 115,
    "fromAbbr": "hr",
    "toAbbr": "min",
    "algorithm": "linear",
    "a": 60,
    "b": 0,
    "c": 0,
    "d": 0,
    "e": 0,
    "f": 0
  },
  {
    "ucId": 116,
    "fromAbbr": "ft^2",
    "toAbbr": "M^2",
    "algorithm": "linear",
    "a": 0.09290304,
    "b": 0,
    "c": 0,
    "d": 0,
    "e": 0,
    "f": 0
  },
  {
    "ucId": 117,
    "fromAbbr": "g/L",
    "toAbbr": "g/l",
    "algorithm": "none",
    "a": 0,
    "b": 0,
    "c": 0,
    "d": 0,
    "e": 0,
    "f": 0
  },
  {
    "ucId": 118,
    "fromAbbr": "hp",
    "toAbbr": "W",
    "algorithm": "linear",
    "a": 746,
    "b": 0,
    "c": 0,
    "d": 0,
    "e": 0,
    "f": 0
  },
  {
    "ucId": 119,
    "fromAbbr": "mm/hr",
    "toAbbr": "mm/day",
    "algorithm": "linear",
    "a": 24,
    "b": 0,
    "c": 0,
    "d": 0,
    "e": 0,
    "f": 0
  },
  {
    "ucId": 120,
    "fromAbbr": "day",
    "toAbbr": "hr",
    "algorithm": "linear",
    "a": 24,
    "b": 0,
    "c": 0,
    "d": 0,
    "e": 0,
    "f": 0
  },
  {
    "ucId": 121,
    "fromAbbr": "j",
    "toAbbr": "erg",
    "algorithm": "linear",
    "a": 10000000,
    "b": 0,
    "c": 0,
    "d": 0,
    "e": 0,
    "f": 0
  },
  {
    "ucId": 122,
    "fromAbbr": "mph",
    "toAbbr": "mi/hr",
    "algorithm": "none",
    "a": 0,
    "b": 0,
    "c": 0,
    "d": 0,
    "e": 0,
    "f": 0
  },
  {
    "ucId": 123,
    "fromAbbr": "uMHOs/cm",
    "toAbbr": "umho/cm",
    "algorithm": "none",
    "a": 0,
    "b": 0,
    "c": 0,
    "d": 0,
    "e": 0,
    "f": 0
  },
  {
    "ucId": 124,
    "fromAbbr": "pH",
    "toAbbr": "su",
    "algorithm": "none",
    "a": 0,
    "b": 0,
    "c": 0,
    "d": 0,
    "e": 0,
    "f": 0
  },
  {
    "ucId": 125,
    "fromAbbr": "mG/L",
    "toAbbr": "mg/l",
    "algorithm": "none",
    "a": 0,
    "b": 0,
    "c": 0,
    "d": 0,
    "e": 0,
    "f": 0
  },
  {
    "ucId": 126,
    "fromAbbr": "acre*ft",
    "toAbbr": "ft^3",
    "algorithm": "linear",
    "a": 43560,
    "b": 0,
    "c": 0,
    "d": 0,
    "e": 0,
    "f": 0
  },
  {
    "ucId": 127,
    "fromAbbr": "degC",
    "toAbbr": "degK",
    "algorithm": "linear",
    "a": 1,
    "b": 273.15,
    "c": 0,
    "d": 0,
    "e": 0,
    "f": 0
  },
  {
    "ucId": 128,
    "fromAbbr": "kcal",
    "toAbbr": "cal",
    "algorithm": "linear",
    "a": 1000,
    "b": 0,
    "c": 0,
    "d": 0,
    "e": 0,
    "f": 0
  },
  {
    "ucId": 129,
    "fromAbbr": "degC",
    "toAbbr": "C",
    "algorithm": "none",
    "a": 0,
    "b": 0,
    "c": 0,
    "d": 0,
    "e": 0,
    "f": 0
  },
  {
    "ucId": 130,
    "fromAbbr": "degC",
    "toAbbr": "degF",
    "algorithm": "linear",
    "a": 1.8,
    "b": 32,
    "c": 0,
    "d": 0,
    "e": 0,
    "f": 0
  },
  {
    "ucId": 131,
    "fromAbbr": "umho",
    "toAbbr": "uS",
    "algorithm": "none",
    "a": 0,
    "b": 0,
    "c": 0,
    "d": 0,
    "e": 0,
    "f": 0
  },
  {
    "ucId": 132,
    "fromAbbr": "m3",
    "toAbbr": "1000 m3",
    "algorithm": "linear",
    "a": 0.001,
    "b": 0,
    "c": 0,
    "d": 0,
    "e": 0,
    "f": 0
  },
  {
    "ucId": 133,
    "fromAbbr": "yd/s",
    "toAbbr": "ft/s",
    "algorithm": "linear",
    "a": 3,
    "b": 0,
    "c": 0,
    "d": 0,
    "e": 0,
    "f": 0
  },
  {
    "ucId": 134,
    "fromAbbr": "nmi",
    "toAbbr": "m",
    "algorithm": "linear",
    "a": 1852,
    "b": 0,
    "c": 0,
    "d": 0,
    "e": 0,
    "f": 0
  },
  {
    "ucId": 135,
    "fromAbbr": "mG/L",
    "toAbbr": "ppm",
    "algorithm": "none",
    "a": 0,
    "b": 0,
    "c": 0,
    "d": 0,
    "e": 0,
    "f": 0
  }
]