{
  "schedEntryId": null,
  "name": "Test schedule",
  "appName": "Computational App",
  "routingSpecName": "Routing test",
  "enabled": true,
  "lastModified": "2025-01-03T23:57:38.782Z[UTC]"
}