[
  {
    "siteId": 4,
    "sitenames":
    {
      "PUMP": "Pump Site"
    },
    "publicName": "Pump Site",
    "description": "Pump located in NM, USA"
  }
]