{
  "tsid": {
    "uniqueString": "TS test site.Flow.Inst.5Minutes.20Minutes.Calc",
    "key": 1,
    "description": null,
    "storageUnits": "cfs",
    "active": true
  },
  "values": [
    {
      "sampleTime": "2025-02-01T12:25:00.000Z[UTC]",
      "value": 2.2,
      "flags": 0
    },
    {
      "sampleTime": "2025-02-01T12:30:00.000Z[UTC]",
      "value": 3.3,
      "flags": 0
    },
    {
      "sampleTime": "2025-02-01T12:35:00.000Z[UTC]",
      "value": 18.0,
      "flags": 0
    },
    {
      "sampleTime": "2025-02-01T12:40:00.000Z[UTC]",
      "value": 20.0,
      "flags": 0
    }
  ]
}