{
  "groupId": 1,
  "groupName": "Test TS Group",
  "groupType": "Test TS Group Type",
  "description": "Test TS Group"
}