{
  "uniqueString": "TS test site.Flow.Inst.5Minutes.20Minutes.Calc",
  "key": 1,
  "description": null,
  "storageUnits": "cfs",
  "active": true
}